// Jest Snapshot v1, https://goo.gl/fbAQLP

exports[`Count it renders correctly 1`] = `
<span
  aria-label="Total 33"
  className="woocommerce-count"
>
  33
</span>
`;
